[08:38:48] YouTube: myntra haul try on india                      8 videos
[08:39:16]    scanned 85 comments, retained 0
[08:39:17] YouTube: ajio haul try on india                        8 videos
[08:40:12]    scanned 403 comments, retained 0
[08:40:13] YouTube: nykaa fashion haul india                      8 videos
[08:40:53]    scanned 387 comments, retained 2
[08:40:54] YouTube: myntra wishlist shopping india                8 videos
[08:41:34]    scanned 331 comments, retained 0
[08:41:35] YouTube: online shopping haul india clothes honest re  8 videos
[08:42:30]    scanned 520 comments, retained 0
[08:42:31] YouTube: myntra vs ajio shopping experience india      8 videos
[08:43:05]    scanned 207 comments, retained 1
[08:43:06] YouTube: indian fashion online shopping haul honest    8 videos
[08:43:35]    scanned 275 comments, retained 0
[08:43:36] YouTube: myntra shopping experience india what i boug  8 videos
[08:43:50]    scanned 105 comments, retained 0
[08:43:50] raw retained: 3
[08:43:50] after dedup: 3 (removed 0 exact, 0 near)
STAGED 3 -> C:\Users\Admin\Documents\Padhai Likhai\Next Leap Projects\Grad Project\Fashion\Apps\wishlist_discovery\artefacts\youtube_STAGING.csv
  by vertical: {'fashion': 3}
  by platform: {'Other/Unspecified': 3}
  length median 219 max 813
